// Jest Snapshot v1, https://goo.gl/fbAQLP

exports[`navbar renderes Navbar renders 1`] = `
ShallowWrapper {
  "length": 1,
  Symbol(enzyme.__root__): [Circular],
  Symbol(enzyme.__unrendered__): <NavBar />,
  Symbol(enzyme.__renderer__): Object {
    "batchedUpdates": [Function],
    "getNode": [Function],
    "render": [Function],
    "simulateEvent": [Function],
    "unmount": [Function],
  },
  Symbol(enzyme.__node__): Object {
    "instance": null,
    "key": undefined,
    "nodeType": "host",
    "props": Object {
      "children": Array [
        <div
          className="nav-bar__item"
          id="Home"
          onClick={[Function]}
>
          <MaterialIcon
                    class="nav-bar__item-icon"
                    icon="home"
                    size="large"
          />
          <p>
                    Home
          </p>
</div>,
        <div
          className="nav-bar__item"
          id="NewChar"
          onClick={[Function]}
>
          <MaterialIcon
                    class="nav-bar__item-icon"
                    icon="person"
                    size="large"
          />
          <p>
                    New guy
          </p>
</div>,
        <div
          className="nav-bar__item"
          id="Battle"
          onClick={[Function]}
>
          <MaterialIcon
                    class="nav-bar__item-icon"
                    icon="restaurant"
                    size="large"
          />
          <p>
                    Battle
          </p>
</div>,
        <div
          className="nav-bar__item"
          id="Info"
          onClick={[Function]}
>
          <MaterialIcon
                    class="nav-bar__item-icon"
                    icon="info"
                    size="large"
          />
          <p>
                    Game Info
          </p>
</div>,
      ],
      "className": "nav-bar",
    },
    "ref": null,
    "rendered": Array [
      Object {
        "instance": null,
        "key": undefined,
        "nodeType": "host",
        "props": Object {
          "children": Array [
            <MaterialIcon
              class="nav-bar__item-icon"
              icon="home"
              size="large"
/>,
            <p>
              Home
</p>,
          ],
          "className": "nav-bar__item",
          "id": "Home",
          "onClick": [Function],
        },
        "ref": null,
        "rendered": Array [
          Object {
            "instance": null,
            "key": undefined,
            "nodeType": "class",
            "props": Object {
              "class": "nav-bar__item-icon",
              "icon": "home",
              "size": "large",
            },
            "ref": null,
            "rendered": null,
            "type": [Function],
          },
          Object {
            "instance": null,
            "key": undefined,
            "nodeType": "host",
            "props": Object {
              "children": "Home",
            },
            "ref": null,
            "rendered": "Home",
            "type": "p",
          },
        ],
        "type": "div",
      },
      Object {
        "instance": null,
        "key": undefined,
        "nodeType": "host",
        "props": Object {
          "children": Array [
            <MaterialIcon
              class="nav-bar__item-icon"
              icon="person"
              size="large"
/>,
            <p>
              New guy
</p>,
          ],
          "className": "nav-bar__item",
          "id": "NewChar",
          "onClick": [Function],
        },
        "ref": null,
        "rendered": Array [
          Object {
            "instance": null,
            "key": undefined,
            "nodeType": "class",
            "props": Object {
              "class": "nav-bar__item-icon",
              "icon": "person",
              "size": "large",
            },
            "ref": null,
            "rendered": null,
            "type": [Function],
          },
          Object {
            "instance": null,
            "key": undefined,
            "nodeType": "host",
            "props": Object {
              "children": "New guy",
            },
            "ref": null,
            "rendered": "New guy",
            "type": "p",
          },
        ],
        "type": "div",
      },
      Object {
        "instance": null,
        "key": undefined,
        "nodeType": "host",
        "props": Object {
          "children": Array [
            <MaterialIcon
              class="nav-bar__item-icon"
              icon="restaurant"
              size="large"
/>,
            <p>
              Battle
</p>,
          ],
          "className": "nav-bar__item",
          "id": "Battle",
          "onClick": [Function],
        },
        "ref": null,
        "rendered": Array [
          Object {
            "instance": null,
            "key": undefined,
            "nodeType": "class",
            "props": Object {
              "class": "nav-bar__item-icon",
              "icon": "restaurant",
              "size": "large",
            },
            "ref": null,
            "rendered": null,
            "type": [Function],
          },
          Object {
            "instance": null,
            "key": undefined,
            "nodeType": "host",
            "props": Object {
              "children": "Battle",
            },
            "ref": null,
            "rendered": "Battle",
            "type": "p",
          },
        ],
        "type": "div",
      },
      Object {
        "instance": null,
        "key": undefined,
        "nodeType": "host",
        "props": Object {
          "children": Array [
            <MaterialIcon
              class="nav-bar__item-icon"
              icon="info"
              size="large"
/>,
            <p>
              Game Info
</p>,
          ],
          "className": "nav-bar__item",
          "id": "Info",
          "onClick": [Function],
        },
        "ref": null,
        "rendered": Array [
          Object {
            "instance": null,
            "key": undefined,
            "nodeType": "class",
            "props": Object {
              "class": "nav-bar__item-icon",
              "icon": "info",
              "size": "large",
            },
            "ref": null,
            "rendered": null,
            "type": [Function],
          },
          Object {
            "instance": null,
            "key": undefined,
            "nodeType": "host",
            "props": Object {
              "children": "Game Info",
            },
            "ref": null,
            "rendered": "Game Info",
            "type": "p",
          },
        ],
        "type": "div",
      },
    ],
    "type": "div",
  },
  Symbol(enzyme.__nodes__): Array [
    Object {
      "instance": null,
      "key": undefined,
      "nodeType": "host",
      "props": Object {
        "children": Array [
          <div
            className="nav-bar__item"
            id="Home"
            onClick={[Function]}
>
            <MaterialIcon
                        class="nav-bar__item-icon"
                        icon="home"
                        size="large"
            />
            <p>
                        Home
            </p>
</div>,
          <div
            className="nav-bar__item"
            id="NewChar"
            onClick={[Function]}
>
            <MaterialIcon
                        class="nav-bar__item-icon"
                        icon="person"
                        size="large"
            />
            <p>
                        New guy
            </p>
</div>,
          <div
            className="nav-bar__item"
            id="Battle"
            onClick={[Function]}
>
            <MaterialIcon
                        class="nav-bar__item-icon"
                        icon="restaurant"
                        size="large"
            />
            <p>
                        Battle
            </p>
</div>,
          <div
            className="nav-bar__item"
            id="Info"
            onClick={[Function]}
>
            <MaterialIcon
                        class="nav-bar__item-icon"
                        icon="info"
                        size="large"
            />
            <p>
                        Game Info
            </p>
</div>,
        ],
        "className": "nav-bar",
      },
      "ref": null,
      "rendered": Array [
        Object {
          "instance": null,
          "key": undefined,
          "nodeType": "host",
          "props": Object {
            "children": Array [
              <MaterialIcon
                class="nav-bar__item-icon"
                icon="home"
                size="large"
/>,
              <p>
                Home
</p>,
            ],
            "className": "nav-bar__item",
            "id": "Home",
            "onClick": [Function],
          },
          "ref": null,
          "rendered": Array [
            Object {
              "instance": null,
              "key": undefined,
              "nodeType": "class",
              "props": Object {
                "class": "nav-bar__item-icon",
                "icon": "home",
                "size": "large",
              },
              "ref": null,
              "rendered": null,
              "type": [Function],
            },
            Object {
              "instance": null,
              "key": undefined,
              "nodeType": "host",
              "props": Object {
                "children": "Home",
              },
              "ref": null,
              "rendered": "Home",
              "type": "p",
            },
          ],
          "type": "div",
        },
        Object {
          "instance": null,
          "key": undefined,
          "nodeType": "host",
          "props": Object {
            "children": Array [
              <MaterialIcon
                class="nav-bar__item-icon"
                icon="person"
                size="large"
/>,
              <p>
                New guy
</p>,
            ],
            "className": "nav-bar__item",
            "id": "NewChar",
            "onClick": [Function],
          },
          "ref": null,
          "rendered": Array [
            Object {
              "instance": null,
              "key": undefined,
              "nodeType": "class",
              "props": Object {
                "class": "nav-bar__item-icon",
                "icon": "person",
                "size": "large",
              },
              "ref": null,
              "rendered": null,
              "type": [Function],
            },
            Object {
              "instance": null,
              "key": undefined,
              "nodeType": "host",
              "props": Object {
                "children": "New guy",
              },
              "ref": null,
              "rendered": "New guy",
              "type": "p",
            },
          ],
          "type": "div",
        },
        Object {
          "instance": null,
          "key": undefined,
          "nodeType": "host",
          "props": Object {
            "children": Array [
              <MaterialIcon
                class="nav-bar__item-icon"
                icon="restaurant"
                size="large"
/>,
              <p>
                Battle
</p>,
            ],
            "className": "nav-bar__item",
            "id": "Battle",
            "onClick": [Function],
          },
          "ref": null,
          "rendered": Array [
            Object {
              "instance": null,
              "key": undefined,
              "nodeType": "class",
              "props": Object {
                "class": "nav-bar__item-icon",
                "icon": "restaurant",
                "size": "large",
              },
              "ref": null,
              "rendered": null,
              "type": [Function],
            },
            Object {
              "instance": null,
              "key": undefined,
              "nodeType": "host",
              "props": Object {
                "children": "Battle",
              },
              "ref": null,
              "rendered": "Battle",
              "type": "p",
            },
          ],
          "type": "div",
        },
        Object {
          "instance": null,
          "key": undefined,
          "nodeType": "host",
          "props": Object {
            "children": Array [
              <MaterialIcon
                class="nav-bar__item-icon"
                icon="info"
                size="large"
/>,
              <p>
                Game Info
</p>,
            ],
            "className": "nav-bar__item",
            "id": "Info",
            "onClick": [Function],
          },
          "ref": null,
          "rendered": Array [
            Object {
              "instance": null,
              "key": undefined,
              "nodeType": "class",
              "props": Object {
                "class": "nav-bar__item-icon",
                "icon": "info",
                "size": "large",
              },
              "ref": null,
              "rendered": null,
              "type": [Function],
            },
            Object {
              "instance": null,
              "key": undefined,
              "nodeType": "host",
              "props": Object {
                "children": "Game Info",
              },
              "ref": null,
              "rendered": "Game Info",
              "type": "p",
            },
          ],
          "type": "div",
        },
      ],
      "type": "div",
    },
  ],
  Symbol(enzyme.__options__): Object {
    "adapter": ReactSixteenAdapter {
      "options": Object {
        "enableComponentDidUpdateOnSetState": true,
      },
    },
  },
}
`;
